// Jest Snapshot v1, https://goo.gl/fbAQLP

exports[`createDataService creates resource as expected 1`] = `[]`;
